// Vitest Snapshot v1, https://vitest.dev/guide/snapshot.html

exports[`<Header /> renders 1`] = `
<div>
  <main
    class="flex flex-col justify-content-center items-center mt-8"
  >
    <h1
      class="text-5xl font-bold text-lgg mb-2"
    >
      Welcome
    </h1>
    <h2
      class="subtitle text-4xl mb-2 text-lightg"
    >
      to the Nice & Sandy Cookbook!
    </h2>
    <p
      class="text-md text-medg"
    >
      A digital helper for exhausting menu decisions
    </p>
    <hr />
  </main>
</div>
`;
