// Vitest Snapshot v1, https://vitest.dev/guide/snapshot.html

exports[`<CardContent /> renders 1`] = `
<div>
  <div
    class="m-2"
  >
    <p
      class="text-lightg text-md"
    >
      Vegan Fajitas 1
    </p>
  </div>
</div>
`;
